
> smart-civic-reporter@0.1.0 build
> vite build --sourcemap

[36mvite v5.0.0 [32mbuilding for production...[36m[39m
transforming...
node.exe : Browserslist: browsers data (caniuse-lite) is 9 months old. Please run:
At line:1 char:1
+ & "C:\Program Files\nodejs/node.exe" "C:\Program Files\nodejs/node_mo ...
+ ~~~~~~~~~~~~~~~~~~~~~~~~~~~~~~~~~~~~~~~~~~~~~~~~~~~~~~~~~~~~~~~~~~~~~
    + CategoryInfo          : NotSpecified: (Browserslist: b...ld. Please run::String) [], RemoteException
    + FullyQualifiedErrorId : NativeCommandError
 
  npx update-browserslist-db@latest
  Why you should do it regularly: https://github.com/browserslist/update-db#readme
[32mΓ£ô[39m 1805 modules transformed.
rendering chunks...
computing gzip size...
[2mbuild/[22m[32mindex.html                 [39m[1m[2m    1.69 kB[22m[1m[22m[2m Γöé gzip:   0.71 kB[22m
[2mbuild/[22m[35massets/index-BDkfbQqL.css  [39m[1m[2m   71.00 kB[22m[1m[22m[2m Γöé gzip:  16.78 kB[22m
[2mbuild/[22m[36massets/index-CpGyCY2j.js   [39m[1m[2m1,540.28 kB[22m[1m[22m[2m Γöé gzip: 370.42 kB[22m[2m Γöé map: 4,320.58 kB[22m
[32mΓ£ô built in 16.97s[39m
